// Jest Snapshot v1, https://goo.gl/fbAQLP

exports[`Ticker Action nextTick should return an action 1`] = `
Object {
  "payload": Object {},
  "type": "NEXT_TICK",
}
`;
