// Jest Snapshot v1, https://goo.gl/fbAQLP

exports[`render simple ResourcesBar Component 1`] = `
<div
  className="ResourcesBar"
>
  <div
    className="Currency"
  >
    <font
      className="TitleFont"
    >
      Currency
    </font>
    <font
      className="CountFont"
    >
      $1000
    </font>
  </div>
</div>
`;
