// Jest Snapshot v1, https://goo.gl/fbAQLP

exports[`render simple Block Component 1`] = `
<div
  className="MuiPaper-root-2 MuiPaper-elevation1-5 MuiPaper-rounded-3 MuiCard-root-1 Block"
>
  <div
    className="MuiCardContent-root-29"
  >
    Row: 1
    

    Column: 1
  </div>
</div>
`;
